ExaMiniMD
srun: error: localhost: task 0: Exited with exit code 2
Host Parallel Execution Space:
  KOKKOS_ENABLE_OPENMP: yes

OpenMP Runtime Configuration:
Kokkos::OpenMP thread_pool_topology[ 1 x 20 x 1 ]

#InputFile:
#=========================================================
# 3d Lennard-Jones melt 

units lj 
atom_style atomic 

newton off 
lattice fcc 0.8442 
region box block 0 164 0 164 0 164 
create_box 1 box 
create_atoms 1 box 
mass 1 2.0 

velocity all create 1.4 87287 loop geom 

pair_style lj/cut 2.5 
pair_coeff 1 1 1.0 1.0 2.5 

neighbor 0.3 bin 
neigh_modify delay 0 every 20 check no 
fix 1 all nve 
thermo 10 

run 100 
#=========================================================

Using: ForceLJNeighFull Neighbor2D CommMPI BinningKKSort
Atoms: 17643776 17643776

#Timestep Temperature PotE ETot Time Atomsteps/s
0 1.400000 -6.332812 -4.232812 0.000000 0.000000e+00
10 1.267049 -6.133725 -4.233153 71.086811 2.482004e+06
20 0.772053 -5.390495 -4.232416 189.222140 1.493522e+06
30 0.620846 -5.164015 -4.232746 259.215667 2.520773e+06
40 0.717872 -5.309763 -4.232956 376.511081 1.504217e+06
50 0.714213 -5.304141 -4.232821 445.848990 2.544607e+06
60 0.708668 -5.295827 -4.232825 562.648797 1.510600e+06
70 0.717530 -5.309131 -4.232837 631.895017 2.547977e+06
80 0.726155 -5.322068 -4.232835 748.854486 1.508538e+06
90 0.730632 -5.328778 -4.232830 818.118478 2.547323e+06
100 0.733009 -5.332341 -4.232827 934.724047 1.513116e+06

#Procs Particles | Time T_Force T_Neigh T_Comm T_Other | Steps/s Atomsteps/s Atomsteps/(proc*s)
1 17643776 | 934.724054 600.984849 228.223149 2.409856 103.106018 | 0.106983 1.887592e+06 1.887592e+06 PERFORMANCE
srun: forcing job termination
/var/lib/slurm/slurmd/job00266/slurm_script: line 24: kill: (2246101) - No such process
srun: Job step aborted: Waiting up to 32 seconds for job step to finish.
slurmstepd-localhost: error: *** STEP 266.0 ON localhost CANCELLED AT 2026-04-10T14:59:57 ***
ExaMiniMD_CO
srun: error: localhost: task 0: Killed
Host Parallel Execution Space:
  KOKKOS_ENABLE_OPENMP: yes

OpenMP Runtime Configuration:
Kokkos::OpenMP thread_pool_topology[ 1 x 20 x 1 ]

#InputFile:
#=========================================================
# 3d Lennard-Jones melt 

units lj 
atom_style atomic 

newton off 
lattice fcc 0.8442 
region box block 0 164 0 164 0 164 
create_box 1 box 
create_atoms 1 box 
mass 1 2.0 

velocity all create 1.4 87287 loop geom 

pair_style lj/cut 2.5 
pair_coeff 1 1 1.0 1.0 2.5 

neighbor 0.3 bin 
neigh_modify delay 0 every 20 check no 
fix 1 all nve 
thermo 10 

run 100 
srun: Job step aborted: Waiting up to 32 seconds for job step to finish.
srun: Job step aborted: Waiting up to 32 seconds for job step to finish.
srun: Job step aborted: Waiting up to 32 seconds for job step to finish.
srun: Job step aborted: Waiting up to 32 seconds for job step to finish.
srun: got SIGCONT
srun: got SIGCONT
srun: got SIGCONT
srun: got SIGCONT
slurmstepd-localhost: error: *** STEP 266.5 ON localhost CANCELLED AT 2026-04-10T15:00:22 ***
slurmstepd-localhost: error: *** JOB 266 ON localhost CANCELLED AT 2026-04-10T15:00:22 ***
srun: forcing job termination
srun: forcing job termination
srun: forcing job termination
srun: forcing job termination
slurmstepd-localhost: error: *** STEP 266.3 ON localhost CANCELLED AT 2026-04-10T15:00:22 ***
slurmstepd-localhost: error: *** STEP 266.6 ON localhost CANCELLED AT 2026-04-10T15:00:22 ***
slurmstepd-localhost: error: *** STEP 266.4 ON localhost CANCELLED AT 2026-04-10T15:00:22 ***
srun: error: localhost: task 0: Terminated
srun: error: localhost: task 0: Terminated
