ExaMiniMD
Host Parallel Execution Space:
  KOKKOS_ENABLE_OPENMP: yes

OpenMP Runtime Configuration:
Kokkos::OpenMP thread_pool_topology[ 1 x 20 x 1 ]

#InputFile:
#=========================================================
# 3d Lennard-Jones melt 

units lj 
atom_style atomic 

newton off 
lattice fcc 0.8442 
region box block 0 164 0 164 0 164 
create_box 1 box 
create_atoms 1 box 
mass 1 2.0 

velocity all create 1.4 87287 loop geom 

pair_style lj/cut 2.5 
pair_coeff 1 1 1.0 1.0 2.5 

neighbor 0.3 bin 
neigh_modify delay 0 every 20 check no 
fix 1 all nve 
thermo 10 

run 100 
#=========================================================

Using: ForceLJNeighFull Neighbor2D CommMPI BinningKKSort
Atoms: 17643776 17643776

#Timestep Temperature PotE ETot Time Atomsteps/s
0 1.400000 -6.332812 -4.232812 0.000000 0.000000e+00
10 1.267049 -6.133725 -4.233153 71.124796 2.480679e+06
20 0.772053 -5.390495 -4.232416 189.205892 1.494208e+06
30 0.620846 -5.164015 -4.232746 259.311406 2.516746e+06
40 0.717872 -5.309763 -4.232956 376.545742 1.505001e+06
50 0.714213 -5.304141 -4.232821 445.491145 2.559094e+06
60 0.708668 -5.295827 -4.232825 561.863490 1.516149e+06
70 0.717530 -5.309131 -4.232837 630.644480 2.565211e+06
80 0.726155 -5.322068 -4.232835 747.012977 1.516199e+06
90 0.730632 -5.328778 -4.232830 815.791209 2.565314e+06
100 0.733009 -5.332341 -4.232827 932.007625 1.518183e+06

#Procs Particles | Time T_Force T_Neigh T_Comm T_Other | Steps/s Atomsteps/s Atomsteps/(proc*s)
1 17643776 | 932.007633 596.112372 228.568494 2.443418 104.883103 | 0.107295 1.893094e+06 1.893094e+06 PERFORMANCE
srun: forcing job termination
srun: forcing job termination
srun: Job step aborted: Waiting up to 32 seconds for job step to finish.
slurmstepd-localhost: error: *** STEP 269.0 ON localhost CANCELLED AT 2026-04-10T15:18:22 ***
srun: Job step aborted: Waiting up to 32 seconds for job step to finish.
slurmstepd-localhost: error: *** STEP 269.1 ON localhost CANCELLED AT 2026-04-10T15:18:22 ***
ExaMiniMD_CO
srun: error: localhost: task 0: Killed
srun: error: Timed out waiting for job step to complete
srun: Job 269 step creation temporarily disabled, retrying (Requested nodes are busy)
srun: Step created for StepId=269.7
Fri Apr 10 15:20:32 2026
Starting cpuoccupy with utilization:95%

Host Parallel Execution Space:
  KOKKOS_ENABLE_OPENMP: yes

OpenMP Runtime Configuration:
Kokkos::OpenMP thread_pool_topology[ 1 x 20 x 1 ]

#InputFile:
#=========================================================
# 3d Lennard-Jones melt 

units lj 
atom_style atomic 

newton off 
lattice fcc 0.8442 
region box block 0 164 0 164 0 164 
create_box 1 box 
create_atoms 1 box 
mass 1 2.0 

velocity all create 1.4 87287 loop geom 

pair_style lj/cut 2.5 
pair_coeff 1 1 1.0 1.0 2.5 

neighbor 0.3 bin 
neigh_modify delay 0 every 20 check no 
fix 1 all nve 
thermo 10 

run 100 
Exiting cpuoccupy, duration=537s
srun: Job step aborted: Waiting up to 32 seconds for job step to finish.
srun: Job step aborted: Waiting up to 32 seconds for job step to finish.
srun: Job step aborted: Waiting up to 32 seconds for job step to finish.
srun: got SIGCONT
srun: got SIGCONT
srun: got SIGCONT
slurmstepd-localhost: error: *** STEP 269.6 ON localhost CANCELLED AT 2026-04-10T15:33:41 ***
slurmstepd-localhost: error: *** STEP 269.4 ON localhost CANCELLED AT 2026-04-10T15:33:41 ***
slurmstepd-localhost: error: *** STEP 269.7 ON localhost CANCELLED AT 2026-04-10T15:33:41 ***
slurmstepd-localhost: error: *** JOB 269 ON localhost CANCELLED AT 2026-04-10T15:33:41 ***
srun: forcing job termination
srun: forcing job termination
srun: error: localhost: task 0: Terminated
