ExaMiniMD
srun: error: localhost: task 0: Exited with exit code 7
Host Parallel Execution Space:
  KOKKOS_ENABLE_OPENMP: yes

OpenMP Runtime Configuration:
Kokkos::OpenMP thread_pool_topology[ 1 x 20 x 1 ]

#InputFile:
#=========================================================
# 3d Lennard-Jones melt 

units lj 
atom_style atomic 

newton off 
lattice fcc 0.8442 
region box block 0 164 0 164 0 164 
create_box 1 box 
create_atoms 1 box 
mass 1 2.0 

velocity all create 1.4 87287 loop geom 

pair_style lj/cut 2.5 
pair_coeff 1 1 1.0 1.0 2.5 

neighbor 0.3 bin 
neigh_modify delay 0 every 20 check no 
fix 1 all nve 
thermo 10 

run 100 
#=========================================================

Using: ForceLJNeighFull Neighbor2D CommMPI BinningKKSort
Atoms: 17643776 17643776

#Timestep Temperature PotE ETot Time Atomsteps/s
0 1.400000 -6.332812 -4.232812 0.000000 0.000000e+00
10 1.267049 -6.133725 -4.233153 70.456835 2.504197e+06
20 0.772053 -5.390495 -4.232416 188.031845 1.500640e+06
30 0.620846 -5.164015 -4.232746 257.474826 2.540757e+06
40 0.717872 -5.309763 -4.232956 374.244891 1.510985e+06
50 0.714213 -5.304141 -4.232821 443.409942 2.550967e+06
60 0.708668 -5.295827 -4.232825 559.603181 1.518486e+06
70 0.717530 -5.309131 -4.232837 628.349823 2.566493e+06
80 0.726155 -5.322068 -4.232835 744.578470 1.518023e+06
90 0.730632 -5.328778 -4.232830 813.141354 2.573371e+06
100 0.733009 -5.332341 -4.232827 929.172201 1.520611e+06

#Procs Particles | Time T_Force T_Neigh T_Comm T_Other | Steps/s Atomsteps/s Atomsteps/(proc*s)
1 17643776 | 929.172209 595.051029 228.165742 2.409755 103.545498 | 0.107623 1.898870e+06 1.898870e+06 PERFORMANCE
srun: forcing job termination
/var/lib/slurm/slurmd/job00256/slurm_script: line 24: kill: (1994349) - No such process
srun: Job step aborted: Waiting up to 32 seconds for job step to finish.
slurmstepd-localhost: error: *** STEP 256.1 ON localhost CANCELLED AT 2026-03-17T12:07:14 ***
ExaMiniMD_CO
srun: error: localhost: task 0: Killed
Host Parallel Execution Space:
  KOKKOS_ENABLE_OPENMP: yes

OpenMP Runtime Configuration:
Kokkos::OpenMP thread_pool_topology[ 1 x 20 x 1 ]

#InputFile:
#=========================================================
# 3d Lennard-Jones melt 

units lj 
atom_style atomic 

newton off 
lattice fcc 0.8442 
region box block 0 164 0 164 0 164 
create_box 1 box 
create_atoms 1 box 
mass 1 2.0 

velocity all create 1.4 87287 loop geom 

pair_style lj/cut 2.5 
pair_coeff 1 1 1.0 1.0 2.5 

neighbor 0.3 bin 
neigh_modify delay 0 every 20 check no 
fix 1 all nve 
thermo 10 

run 100 
Tue Mar 17 12:09:46 2026
Starting cpuoccupy with utilization:95%

Exiting cpuoccupy, duration=610s
#=========================================================

Using: ForceLJNeighFull Neighbor2D CommMPI BinningKKSort
Atoms: 17643776 17643776

#Timestep Temperature PotE ETot Time Atomsteps/s
0 1.400000 -6.332812 -4.232812 0.000000 0.000000e+00
10 1.267049 -6.133725 -4.233153 73.979178 2.384965e+06
20 0.772053 -5.390495 -4.232416 200.774738 1.391514e+06
30 0.620846 -5.164015 -4.232746 276.098559 2.342390e+06
40 0.717872 -5.309763 -4.232956 401.649196 1.405312e+06
50 0.714213 -5.304141 -4.232821 475.917179 2.375691e+06
60 0.708668 -5.295827 -4.232825 599.372176 1.429167e+06
70 0.717530 -5.309131 -4.232837 672.321548 2.418633e+06
80 0.726155 -5.322068 -4.232835 790.099018 1.498060e+06
90 0.730632 -5.328778 -4.232830 859.679038 2.535753e+06
100 0.733009 -5.332341 -4.232827 976.781835 1.506691e+06

#Procs Particles | Time T_Force T_Neigh T_Comm T_Other | Steps/s Atomsteps/s Atomsteps/(proc*s)
1 17643776 | 976.781842 630.155629 231.959541 2.794867 111.871630 | 0.102377 1.806317e+06 1.806317e+06 PERFORMANCE
srun: forcing job termination
srun: forcing job termination
srun: Job step aborted: Waiting up to 32 seconds for job step to finish.
srun: Job step aborted: Waiting up to 32 seconds for job step to finish.
slurmstepd-localhost: error: *** STEP 256.4 ON localhost CANCELLED AT 2026-03-17T12:25:34 ***
slurmstepd-localhost: error: *** STEP 256.3 ON localhost CANCELLED AT 2026-03-17T12:25:34 ***
ExaMiniMD_ML
srun: error: localhost: task 0: Killed
srun: error: localhost: task 0: Killed
Host Parallel Execution Space:
  KOKKOS_ENABLE_OPENMP: yes

OpenMP Runtime Configuration:
Kokkos::OpenMP thread_pool_topology[ 1 x 20 x 1 ]

#InputFile:
#=========================================================
# 3d Lennard-Jones melt 

units lj 
atom_style atomic 

newton off 
lattice fcc 0.8442 
region box block 0 164 0 164 0 164 
create_box 1 box 
create_atoms 1 box 
mass 1 2.0 

velocity all create 1.4 87287 loop geom 

pair_style lj/cut 2.5 
pair_coeff 1 1 1.0 1.0 2.5 

neighbor 0.3 bin 
neigh_modify delay 0 every 20 check no 
fix 1 all nve 
thermo 10 

run 100 
Tue Mar 17 12:28:26 2026
Starting leak with size:10485760 period:0.200000 duration:560.000000

Tue Mar 17 12:37:46 2026
Finished leak.
#=========================================================

Using: ForceLJNeighFull Neighbor2D CommMPI BinningKKSort
Atoms: 17643776 17643776

#Timestep Temperature PotE ETot Time Atomsteps/s
0 1.400000 -6.332812 -4.232812 0.000000 0.000000e+00
10 1.267049 -6.133725 -4.233153 70.983605 2.485613e+06
20 0.772053 -5.390495 -4.232416 189.568671 1.487858e+06
30 0.620846 -5.164015 -4.232746 259.696817 2.515934e+06
40 0.717872 -5.309763 -4.232956 377.356446 1.499561e+06
50 0.714213 -5.304141 -4.232821 446.718412 2.543725e+06
60 0.708668 -5.295827 -4.232825 563.408919 1.512015e+06
70 0.717530 -5.309131 -4.232837 633.067714 2.532886e+06
80 0.726155 -5.322068 -4.232835 749.527321 1.515012e+06
90 0.730632 -5.328778 -4.232830 818.421463 2.560998e+06
100 0.733009 -5.332341 -4.232827 934.799796 1.516071e+06

#Procs Particles | Time T_Force T_Neigh T_Comm T_Other | Steps/s Atomsteps/s Atomsteps/(proc*s)
1 17643776 | 934.799805 599.855342 228.782213 2.447564 103.714454 | 0.106975 1.887439e+06 1.887439e+06 PERFORMANCE
srun: forcing job termination
srun: forcing job termination
srun: Job step aborted: Waiting up to 32 seconds for job step to finish.
srun: Job step aborted: Waiting up to 32 seconds for job step to finish.
slurmstepd-localhost: error: *** STEP 256.7 ON localhost CANCELLED AT 2026-03-17T12:43:13 ***
slurmstepd-localhost: error: *** STEP 256.9 ON localhost CANCELLED AT 2026-03-17T12:43:13 ***
mv: cannot stat 'slurm-*': No such file or directory
ExaMiniMD_CC
srun: error: localhost: task 0: Killed
srun: error: localhost: task 0: Killed
Host Parallel Execution Space:
  KOKKOS_ENABLE_OPENMP: yes

OpenMP Runtime Configuration:
Kokkos::OpenMP thread_pool_topology[ 1 x 20 x 1 ]

#InputFile:
#=========================================================
# 3d Lennard-Jones melt 

units lj 
atom_style atomic 

newton off 
lattice fcc 0.8442 
region box block 0 164 0 164 0 164 
create_box 1 box 
create_atoms 1 box 
mass 1 2.0 

velocity all create 1.4 87287 loop geom 

pair_style lj/cut 2.5 
pair_coeff 1 1 1.0 1.0 2.5 

neighbor 0.3 bin 
neigh_modify delay 0 every 20 check no 
fix 1 all nve 
thermo 10 

run 100 
Tue Mar 17 12:45:33 2026
Starting cache with ndouble:3276 period:0.000000 duration:548.000000


Finished cache anomaly
#=========================================================

Using: ForceLJNeighFull Neighbor2D CommMPI BinningKKSort
Atoms: 17643776 17643776

#Timestep Temperature PotE ETot Time Atomsteps/s
0 1.400000 -6.332812 -4.232812 0.000000 0.000000e+00
10 1.267049 -6.133725 -4.233153 74.789482 2.359125e+06
20 0.772053 -5.390495 -4.232416 201.700069 1.390253e+06
30 0.620846 -5.164015 -4.232746 276.323127 2.364387e+06
40 0.717872 -5.309763 -4.232956 399.954905 1.427123e+06
50 0.714213 -5.304141 -4.232821 474.157351 2.377789e+06
60 0.708668 -5.295827 -4.232825 596.260257 1.444992e+06
70 0.717530 -5.309131 -4.232837 665.054717 2.564709e+06
80 0.726155 -5.322068 -4.232835 781.465609 1.515646e+06
90 0.730632 -5.328778 -4.232830 850.250615 2.565061e+06
100 0.733009 -5.332341 -4.232827 966.627031 1.516096e+06

#Procs Particles | Time T_Force T_Neigh T_Comm T_Other | Steps/s Atomsteps/s Atomsteps/(proc*s)
1 17643776 | 966.627038 621.973723 231.918309 2.851626 109.883220 | 0.103453 1.825293e+06 1.825293e+06 PERFORMANCE
srun: forcing job termination
srun: forcing job termination
srun: Job step aborted: Waiting up to 32 seconds for job step to finish.
slurmstepd-localhost: error: *** STEP 256.13 ON localhost CANCELLED AT 2026-03-17T13:01:23 ***
srun: Job step aborted: Waiting up to 32 seconds for job step to finish.
mv: cannot stat 'slurm-*': No such file or directory
slurmstepd-localhost: error: *** STEP 256.12 ON localhost CANCELLED AT 2026-03-17T13:01:23 ***
ExaMiniMD_CC
srun: error: localhost: task 0: Killed
srun: error: localhost: task 0: Killed
Host Parallel Execution Space:
  KOKKOS_ENABLE_OPENMP: yes

OpenMP Runtime Configuration:
Kokkos::OpenMP thread_pool_topology[ 1 x 20 x 1 ]

#InputFile:
#=========================================================
# 3d Lennard-Jones melt 

units lj 
atom_style atomic 

newton off 
lattice fcc 0.8442 
region box block 0 164 0 164 0 164 
create_box 1 box 
create_atoms 1 box 
mass 1 2.0 

velocity all create 1.4 87287 loop geom 

pair_style lj/cut 2.5 
pair_coeff 1 1 1.0 1.0 2.5 

neighbor 0.3 bin 
neigh_modify delay 0 every 20 check no 
fix 1 all nve 
thermo 10 

run 100 
Tue Mar 17 13:03:41 2026
Starting cache with ndouble:26214 period:0.000000 duration:565.000000


Finished cache anomaly
#=========================================================

Using: ForceLJNeighFull Neighbor2D CommMPI BinningKKSort
Atoms: 17643776 17643776

#Timestep Temperature PotE ETot Time Atomsteps/s
0 1.400000 -6.332812 -4.232812 0.000000 0.000000e+00
10 1.267049 -6.133725 -4.233153 74.545803 2.366837e+06
20 0.772053 -5.390495 -4.232416 199.466034 1.412403e+06
30 0.620846 -5.164015 -4.232746 274.549524 2.349888e+06
40 0.717872 -5.309763 -4.232956 398.717125 1.420965e+06
50 0.714213 -5.304141 -4.232821 472.474036 2.392152e+06
60 0.708668 -5.295827 -4.232825 594.893197 1.441259e+06
70 0.717530 -5.309131 -4.232837 663.490001 2.572099e+06
80 0.726155 -5.322068 -4.232835 779.700513 1.518260e+06
90 0.730632 -5.328778 -4.232830 848.246692 2.573998e+06
100 0.733009 -5.332341 -4.232827 964.377072 1.519308e+06

#Procs Particles | Time T_Force T_Neigh T_Comm T_Other | Steps/s Atomsteps/s Atomsteps/(proc*s)
1 17643776 | 964.377081 618.075386 232.511960 2.942018 110.847528 | 0.103694 1.829552e+06 1.829552e+06 PERFORMANCE
srun: forcing job termination
srun: forcing job termination
srun: Job step aborted: Waiting up to 32 seconds for job step to finish.
srun: Job step aborted: Waiting up to 32 seconds for job step to finish.
slurmstepd-localhost: error: *** STEP 256.15 ON localhost CANCELLED AT 2026-03-17T13:19:31 ***
slurmstepd-localhost: error: *** STEP 256.17 ON localhost CANCELLED AT 2026-03-17T13:19:31 ***
mv: cannot stat 'slurm-*': No such file or directory
ExaMiniMD_CC
srun: error: localhost: task 0: Killed
srun: error: localhost: task 0: Killed
Host Parallel Execution Space:
  KOKKOS_ENABLE_OPENMP: yes

OpenMP Runtime Configuration:
Kokkos::OpenMP thread_pool_topology[ 1 x 20 x 1 ]

#InputFile:
#=========================================================
# 3d Lennard-Jones melt 

units lj 
atom_style atomic 

newton off 
lattice fcc 0.8442 
region box block 0 164 0 164 0 164 
create_box 1 box 
create_atoms 1 box 
mass 1 2.0 

velocity all create 1.4 87287 loop geom 

pair_style lj/cut 2.5 
pair_coeff 1 1 1.0 1.0 2.5 

neighbor 0.3 bin 
neigh_modify delay 0 every 20 check no 
fix 1 all nve 
thermo 10 

run 100 
Tue Mar 17 13:23:37 2026
Starting cache with ndouble:2097152 period:0.000000 duration:415.000000


Finished cache anomaly
#=========================================================

Using: ForceLJNeighFull Neighbor2D CommMPI BinningKKSort
Atoms: 17643776 17643776

#Timestep Temperature PotE ETot Time Atomsteps/s
0 1.400000 -6.332812 -4.232812 0.000000 0.000000e+00
10 1.267049 -6.133725 -4.233153 70.770080 2.493112e+06
20 0.772053 -5.390495 -4.232416 192.025412 1.455093e+06
30 0.620846 -5.164015 -4.232746 268.813747 2.297716e+06
40 0.717872 -5.309763 -4.232956 394.582748 1.402872e+06
50 0.714213 -5.304141 -4.232821 470.399706 2.327154e+06
60 0.708668 -5.295827 -4.232825 594.232480 1.424807e+06
70 0.717530 -5.309131 -4.232837 662.939644 2.567967e+06
80 0.726155 -5.322068 -4.232835 779.132709 1.518488e+06
90 0.730632 -5.328778 -4.232830 847.824714 2.568534e+06
100 0.733009 -5.332341 -4.232827 964.035296 1.518259e+06

#Procs Particles | Time T_Force T_Neigh T_Comm T_Other | Steps/s Atomsteps/s Atomsteps/(proc*s)
1 17643776 | 964.035304 619.099068 232.055718 2.794250 110.086062 | 0.103731 1.830200e+06 1.830200e+06 PERFORMANCE
srun: forcing job termination
srun: forcing job termination
srun: Job step aborted: Waiting up to 32 seconds for job step to finish.
slurmstepd-localhost: error: *** STEP 256.20 ON localhost CANCELLED AT 2026-03-17T13:37:38 ***
srun: Job step aborted: Waiting up to 32 seconds for job step to finish.
slurmstepd-localhost: error: *** STEP 256.19 ON localhost CANCELLED AT 2026-03-17T13:37:38 ***
mv: cannot stat 'slurm-*': No such file or directory
ldmsd: no process found
srun: error: localhost: task 0: Killed
srun: error: localhost: task 0: Killed
