SW4lite

* Processing the grid command...
* Setting nx to 401 to be consistent with h=0.02
* Setting ny to 401 to be consistent with h=0.02
* Setting nz to 201 to be consistent with h=0.02
defineDimensionsGXY: #ghost points=2, #parallel padding points=2
Extent of the computational domain xmax=8 ymax=8 zmin = 0 zmax=4
***inside setupMPICommunications***

Global grid sizes (without ghost points)
Grid         h        Nx        Ny        Nz       Points
   0      0.02       401       401       201     32321001
Total number of grid points (without ghost points): 3.2321e+07

Done reading input file 
 no GPUs found
Setting up SBP boundary stencils
----------------------------------------------------
 Making Output Directory: pointsource-h0p04/
		
... Done!
----------------------------------------------------
Detected at least one boundary with supergrid conditions
*** computing the time step ***
 CFL= 1.3 prel. time step=0.0132681
number of grid point  sources = 216
number of unique g.p. sources = 216
setup of sources done
Running on 1 MPI tasks
Using OpenMP with 20 threads per MPI task
starting at time 0 at cycle 1
Time step 1 t= 0.0133333
Time step 45 t= 0.6
   Execution time, solver phase 7 minutes 1.34393 seconds 

----------------------------------------
          Execution time summary 
  Total      BC comm    BC phys    Scheme     Supergrid  Forcing 
411.8      0.00018323 3.7319     314.08     88.521     5.4671     Clock tick is 1e-09 seconds
----------------------------------------

Errors at time 0.6 Linf = 2.56719 L2 = 0.0388654 norm of solution = 12.2129
 Total running time: 619.428
/var/lib/slurm/slurmd/job00204/slurm_script: line 20: kill: (659372) - No such process
/var/lib/slurm/slurmd/job00204/slurm_script: line 21: kill: (659371) - No such process
SW4lite_CO

* Processing the grid command...
* Setting nx to 401 to be consistent with h=0.02
* Setting ny to 401 to be consistent with h=0.02
* Setting nz to 201 to be consistent with h=0.02
defineDimensionsGXY: #ghost points=2, #parallel padding points=2
Extent of the computational domain xmax=8 ymax=8 zmin = 0 zmax=4
***inside setupMPICommunications***

Global grid sizes (without ghost points)
Grid         h        Nx        Ny        Nz       Points
   0      0.02       401       401       201     32321001
Total number of grid points (without ghost points): 3.2321e+07

Done reading input file 
 no GPUs found
Setting up SBP boundary stencils
----------------------------------------------------
 Making Output Directory: pointsource-h0p04/
		
... Done!
----------------------------------------------------
Detected at least one boundary with supergrid conditions
*** computing the time step ***
 CFL= 1.3 prel. time step=0.0132681
number of grid point  sources = 216
number of unique g.p. sources = 216
setup of sources done
Running on 1 MPI tasks
Using OpenMP with 20 threads per MPI task
starting at time 0 at cycle 1
Time step 1 t= 0.0133333
Thu Dec 18 15:05:02 2025
Starting cpuoccupy with utilization:95%

Exiting cpuoccupy, duration=268s
Time step 45 t= 0.6
   Execution time, solver phase 7 minutes 17.2794 seconds 

----------------------------------------
          Execution time summary 
  Total      BC comm    BC phys    Scheme     Supergrid  Forcing 
427.73     0.00018866 3.5931     327.59     90.738     5.8146     Clock tick is 1e-09 seconds
----------------------------------------

Errors at time 0.6 Linf = 2.56719 L2 = 0.0388654 norm of solution = 12.2129
 Total running time: 635.309
/var/lib/slurm/slurmd/job00204/slurm_script: line 48: kill: (659739) - No such process
/var/lib/slurm/slurmd/job00204/slurm_script: line 49: kill: (659738) - No such process
SW4lite_ML

* Processing the grid command...
* Setting nx to 401 to be consistent with h=0.02
* Setting ny to 401 to be consistent with h=0.02
* Setting nz to 201 to be consistent with h=0.02
defineDimensionsGXY: #ghost points=2, #parallel padding points=2
Extent of the computational domain xmax=8 ymax=8 zmin = 0 zmax=4
***inside setupMPICommunications***

Global grid sizes (without ghost points)
Grid         h        Nx        Ny        Nz       Points
   0      0.02       401       401       201     32321001
Total number of grid points (without ghost points): 3.2321e+07

Done reading input file 
 no GPUs found
Setting up SBP boundary stencils
----------------------------------------------------
 Making Output Directory: pointsource-h0p04/
		
... Done!
----------------------------------------------------
Detected at least one boundary with supergrid conditions
*** computing the time step ***
 CFL= 1.3 prel. time step=0.0132681
number of grid point  sources = 216
number of unique g.p. sources = 216
setup of sources done
Running on 1 MPI tasks
Using OpenMP with 20 threads per MPI task
starting at time 0 at cycle 1
Time step 1 t= 0.0133333
Thu Dec 18 15:15:49 2025
Starting leak with size:10485760 period:0.200000 duration:317.000000

Time step 45 t= 0.6
   Execution time, solver phase 7 minutes 1.00981 seconds 

----------------------------------------
          Execution time summary 
  Total      BC comm    BC phys    Scheme     Supergrid  Forcing 
411.46     0.00019069 3.7136     313.94     88.309     5.4959     Clock tick is 1e-09 seconds
----------------------------------------

Thu Dec 18 15:21:06 2025
Finished leak.
Errors at time 0.6 Linf = 2.56719 L2 = 0.0388654 norm of solution = 12.2129
 Total running time: 619.127
/var/lib/slurm/slurmd/job00204/slurm_script: line 74: kill: (659887) - No such process
/var/lib/slurm/slurmd/job00204/slurm_script: line 75: kill: (659886) - No such process
mv: cannot stat 'slurm-*': No such file or directory
SW4lite_CC

* Processing the grid command...
* Setting nx to 401 to be consistent with h=0.02
* Setting ny to 401 to be consistent with h=0.02
* Setting nz to 201 to be consistent with h=0.02
defineDimensionsGXY: #ghost points=2, #parallel padding points=2
Extent of the computational domain xmax=8 ymax=8 zmin = 0 zmax=4
***inside setupMPICommunications***

Global grid sizes (without ghost points)
Grid         h        Nx        Ny        Nz       Points
   0      0.02       401       401       201     32321001
Total number of grid points (without ghost points): 3.2321e+07

Done reading input file 
 no GPUs found
Setting up SBP boundary stencils
----------------------------------------------------
 Making Output Directory: pointsource-h0p04/
		
... Done!
----------------------------------------------------
Detected at least one boundary with supergrid conditions
*** computing the time step ***
 CFL= 1.3 prel. time step=0.0132681
number of grid point  sources = 216
number of unique g.p. sources = 216
setup of sources done
Running on 1 MPI tasks
Using OpenMP with 20 threads per MPI task
starting at time 0 at cycle 1
Time step 1 t= 0.0133333
Thu Dec 18 15:25:01 2025
Starting cache with ndouble:3276 period:0.000000 duration:318.000000


Finished cache anomaly
Time step 45 t= 0.6
   Execution time, solver phase 7 minutes 20.3208 seconds 

----------------------------------------
          Execution time summary 
  Total      BC comm    BC phys    Scheme     Supergrid  Forcing 
430.77     0.00019197 3.5475     327.94     93.417     5.8651     Clock tick is 1e-09 seconds
----------------------------------------

Errors at time 0.6 Linf = 2.56719 L2 = 0.0388654 norm of solution = 12.2129
 Total running time: 637.79
/var/lib/slurm/slurmd/job00204/slurm_script: line 100: kill: (660035) - No such process
/var/lib/slurm/slurmd/job00204/slurm_script: line 101: kill: (660034) - No such process
mv: cannot stat 'slurm-*': No such file or directory
SW4lite_CC

* Processing the grid command...
* Setting nx to 401 to be consistent with h=0.02
* Setting ny to 401 to be consistent with h=0.02
* Setting nz to 201 to be consistent with h=0.02
defineDimensionsGXY: #ghost points=2, #parallel padding points=2
Extent of the computational domain xmax=8 ymax=8 zmin = 0 zmax=4
***inside setupMPICommunications***

Global grid sizes (without ghost points)
Grid         h        Nx        Ny        Nz       Points
   0      0.02       401       401       201     32321001
Total number of grid points (without ghost points): 3.2321e+07

Done reading input file 
 no GPUs found
Setting up SBP boundary stencils
----------------------------------------------------
 Making Output Directory: pointsource-h0p04/
		
... Done!
----------------------------------------------------
Detected at least one boundary with supergrid conditions
*** computing the time step ***
 CFL= 1.3 prel. time step=0.0132681
number of grid point  sources = 216
number of unique g.p. sources = 216
setup of sources done
Running on 1 MPI tasks
Using OpenMP with 20 threads per MPI task
starting at time 0 at cycle 1
Time step 1 t= 0.0133333
Thu Dec 18 15:35:45 2025
Starting cache with ndouble:26214 period:0.000000 duration:296.000000


Finished cache anomaly
Time step 45 t= 0.6
   Execution time, solver phase 7 minutes 22.1883 seconds 

----------------------------------------
          Execution time summary 
  Total      BC comm    BC phys    Scheme     Supergrid  Forcing 
432.66     0.00019368 3.5916     329.78     93.438     5.8445     Clock tick is 1e-09 seconds
----------------------------------------

Errors at time 0.6 Linf = 2.56719 L2 = 0.0388654 norm of solution = 12.2129
 Total running time: 641.098
/var/lib/slurm/slurmd/job00204/slurm_script: line 126: kill: (660174) - No such process
/var/lib/slurm/slurmd/job00204/slurm_script: line 127: kill: (660173) - No such process
mv: cannot stat 'slurm-*': No such file or directory
SW4lite_CC

* Processing the grid command...
* Setting nx to 401 to be consistent with h=0.02
* Setting ny to 401 to be consistent with h=0.02
* Setting nz to 201 to be consistent with h=0.02
defineDimensionsGXY: #ghost points=2, #parallel padding points=2
Extent of the computational domain xmax=8 ymax=8 zmin = 0 zmax=4
***inside setupMPICommunications***

Global grid sizes (without ghost points)
Grid         h        Nx        Ny        Nz       Points
   0      0.02       401       401       201     32321001
Total number of grid points (without ghost points): 3.2321e+07

Done reading input file 
 no GPUs found
Setting up SBP boundary stencils
----------------------------------------------------
 Making Output Directory: pointsource-h0p04/
		
... Done!
----------------------------------------------------
Detected at least one boundary with supergrid conditions
*** computing the time step ***
 CFL= 1.3 prel. time step=0.0132681
number of grid point  sources = 216
number of unique g.p. sources = 216
setup of sources done
Running on 1 MPI tasks
Using OpenMP with 20 threads per MPI task
starting at time 0 at cycle 1
Time step 1 t= 0.0133333
Thu Dec 18 15:47:11 2025
Starting cache with ndouble:2097152 period:0.000000 duration:316.000000


Finished cache anomaly
Time step 45 t= 0.6
   Execution time, solver phase 7 minutes 35.5388 seconds 

----------------------------------------
          Execution time summary 
  Total      BC comm    BC phys    Scheme     Supergrid  Forcing 
446.01     0.00019134 3.8465     338.1      97.898     6.1633     Clock tick is 1e-09 seconds
----------------------------------------

Errors at time 0.6 Linf = 2.56719 L2 = 0.0388654 norm of solution = 12.2129
 Total running time: 654.021
/var/lib/slurm/slurmd/job00204/slurm_script: line 152: kill: (660316) - No such process
/var/lib/slurm/slurmd/job00204/slurm_script: line 153: kill: (660315) - No such process
mv: cannot stat 'slurm-*': No such file or directory
