ExaMiniMD
Host Parallel Execution Space:
  KOKKOS_ENABLE_OPENMP: yes

OpenMP Runtime Configuration:
Kokkos::OpenMP thread_pool_topology[ 1 x 20 x 1 ]

#InputFile:
#=========================================================
# 3d Lennard-Jones melt 

units lj 
atom_style atomic 

newton off 
lattice fcc 0.8442 
region box block 0 164 0 164 0 164 
create_box 1 box 
create_atoms 1 box 
mass 1 2.0 

velocity all create 1.4 87287 loop geom 

pair_style lj/cut 2.5 
pair_coeff 1 1 1.0 1.0 2.5 

neighbor 0.3 bin 
neigh_modify delay 0 every 20 check no 
fix 1 all nve 
thermo 10 

run 100 
#=========================================================

Using: ForceLJNeighFull Neighbor2D CommMPI BinningKKSort
Atoms: 17643776 17643776

#Timestep Temperature PotE ETot Time Atomsteps/s
0 1.400000 -6.332812 -4.232812 0.000000 0.000000e+00
10 1.267049 -6.133725 -4.233153 70.653456 2.497228e+06
20 0.772053 -5.390495 -4.232416 188.533043 1.496763e+06
30 0.620846 -5.164015 -4.232746 258.064137 2.537538e+06
40 0.717872 -5.309763 -4.232956 374.905738 1.510059e+06
50 0.714213 -5.304141 -4.232821 443.521319 2.571395e+06
60 0.708668 -5.295827 -4.232825 559.587157 1.520152e+06
70 0.717530 -5.309131 -4.232837 628.113300 2.574751e+06
80 0.726155 -5.322068 -4.232835 744.132595 1.520762e+06
90 0.730632 -5.328778 -4.232830 812.606917 2.576700e+06
100 0.733009 -5.332341 -4.232827 928.562771 1.521594e+06

#Procs Particles | Time T_Force T_Neigh T_Comm T_Other | Steps/s Atomsteps/s Atomsteps/(proc*s)
1 17643776 | 928.562780 593.717358 228.424544 2.430786 103.989900 | 0.107693 1.900117e+06 1.900117e+06 PERFORMANCE
/var/lib/slurm/slurmd/job00185/slurm_script: line 20: kill: (620063) - No such process
/var/lib/slurm/slurmd/job00185/slurm_script: line 21: kill: (620062) - No such process
ExaMiniMD_CO
Host Parallel Execution Space:
  KOKKOS_ENABLE_OPENMP: yes

OpenMP Runtime Configuration:
Kokkos::OpenMP thread_pool_topology[ 1 x 20 x 1 ]

#InputFile:
#=========================================================
# 3d Lennard-Jones melt 

units lj 
atom_style atomic 

newton off 
lattice fcc 0.8442 
region box block 0 164 0 164 0 164 
create_box 1 box 
create_atoms 1 box 
mass 1 2.0 

velocity all create 1.4 87287 loop geom 

pair_style lj/cut 2.5 
pair_coeff 1 1 1.0 1.0 2.5 

neighbor 0.3 bin 
neigh_modify delay 0 every 20 check no 
fix 1 all nve 
thermo 10 

run 100 
Mon Dec 15 15:19:32 2025
Starting cpuoccupy with utilization:95%

Exiting cpuoccupy, duration=554s
#=========================================================

Using: ForceLJNeighFull Neighbor2D CommMPI BinningKKSort
Atoms: 17643776 17643776

#Timestep Temperature PotE ETot Time Atomsteps/s
0 1.400000 -6.332812 -4.232812 0.000000 0.000000e+00
10 1.267049 -6.133725 -4.233153 70.659121 2.497027e+06
20 0.772053 -5.390495 -4.232416 192.091679 1.452969e+06
30 0.620846 -5.164015 -4.232746 267.647835 2.335187e+06
40 0.717872 -5.309763 -4.232956 391.820777 1.420903e+06
50 0.714213 -5.304141 -4.232821 465.856453 2.383145e+06
60 0.708668 -5.295827 -4.232825 589.263441 1.429723e+06
70 0.717530 -5.309131 -4.232837 663.082518 2.390138e+06
80 0.726155 -5.322068 -4.232835 780.079054 1.508060e+06
90 0.730632 -5.328778 -4.232830 848.628869 2.573862e+06
100 0.733009 -5.332341 -4.232827 964.599480 1.521401e+06

#Procs Particles | Time T_Force T_Neigh T_Comm T_Other | Steps/s Atomsteps/s Atomsteps/(proc*s)
1 17643776 | 964.599488 619.568025 231.613092 2.772145 110.646043 | 0.103670 1.829130e+06 1.829130e+06 PERFORMANCE
/var/lib/slurm/slurmd/job00185/slurm_script: line 48: kill: (620443) - No such process
/var/lib/slurm/slurmd/job00185/slurm_script: line 49: kill: (620442) - No such process
ExaMiniMD_ML
Host Parallel Execution Space:
  KOKKOS_ENABLE_OPENMP: yes

OpenMP Runtime Configuration:
Kokkos::OpenMP thread_pool_topology[ 1 x 20 x 1 ]

#InputFile:
#=========================================================
# 3d Lennard-Jones melt 

units lj 
atom_style atomic 

newton off 
lattice fcc 0.8442 
region box block 0 164 0 164 0 164 
create_box 1 box 
create_atoms 1 box 
mass 1 2.0 

velocity all create 1.4 87287 loop geom 

pair_style lj/cut 2.5 
pair_coeff 1 1 1.0 1.0 2.5 

neighbor 0.3 bin 
neigh_modify delay 0 every 20 check no 
fix 1 all nve 
thermo 10 

run 100 
Mon Dec 15 15:37:52 2025
Starting leak with size:10485760 period:0.200000 duration:410.000000

Mon Dec 15 15:44:42 2025
Finished leak.
#=========================================================

Using: ForceLJNeighFull Neighbor2D CommMPI BinningKKSort
Atoms: 17643776 17643776

#Timestep Temperature PotE ETot Time Atomsteps/s
0 1.400000 -6.332812 -4.232812 0.000000 0.000000e+00
10 1.267049 -6.133725 -4.233153 70.688315 2.495996e+06
20 0.772053 -5.390495 -4.232416 188.833785 1.493394e+06
30 0.620846 -5.164015 -4.232746 258.738701 2.523968e+06
40 0.717872 -5.309763 -4.232956 375.905111 1.505873e+06
50 0.714213 -5.304141 -4.232821 444.898578 2.557311e+06
60 0.708668 -5.295827 -4.232825 561.292716 1.515865e+06
70 0.717530 -5.309131 -4.232837 630.016613 2.567342e+06
80 0.726155 -5.322068 -4.232835 746.146308 1.519316e+06
90 0.730632 -5.328778 -4.232830 814.796985 2.570080e+06
100 0.733009 -5.332341 -4.232827 930.924993 1.519339e+06

#Procs Particles | Time T_Force T_Neigh T_Comm T_Other | Steps/s Atomsteps/s Atomsteps/(proc*s)
1 17643776 | 930.925002 596.358718 228.549713 2.423028 103.593347 | 0.107420 1.895295e+06 1.895295e+06 PERFORMANCE
/var/lib/slurm/slurmd/job00185/slurm_script: line 74: kill: (620616) - No such process
/var/lib/slurm/slurmd/job00185/slurm_script: line 75: kill: (620615) - No such process
mv: cannot stat 'slurm-*': No such file or directory
ExaMiniMD_CC
Host Parallel Execution Space:
  KOKKOS_ENABLE_OPENMP: yes

OpenMP Runtime Configuration:
Kokkos::OpenMP thread_pool_topology[ 1 x 20 x 1 ]

#InputFile:
#=========================================================
# 3d Lennard-Jones melt 

units lj 
atom_style atomic 

newton off 
lattice fcc 0.8442 
region box block 0 164 0 164 0 164 
create_box 1 box 
create_atoms 1 box 
mass 1 2.0 

velocity all create 1.4 87287 loop geom 

pair_style lj/cut 2.5 
pair_coeff 1 1 1.0 1.0 2.5 

neighbor 0.3 bin 
neigh_modify delay 0 every 20 check no 
fix 1 all nve 
thermo 10 

run 100 
Mon Dec 15 15:52:55 2025
Starting cache with ndouble:3276 period:0.000000 duration:521.000000


Finished cache anomaly
#=========================================================

Using: ForceLJNeighFull Neighbor2D CommMPI BinningKKSort
Atoms: 17643776 17643776

#Timestep Temperature PotE ETot Time Atomsteps/s
0 1.400000 -6.332812 -4.232812 0.000000 0.000000e+00
10 1.267049 -6.133725 -4.233153 76.981067 2.291963e+06
20 0.772053 -5.390495 -4.232416 203.216407 1.397689e+06
30 0.620846 -5.164015 -4.232746 278.655721 2.338804e+06
40 0.717872 -5.309763 -4.232956 404.004641 1.407573e+06
50 0.714213 -5.304141 -4.232821 478.715998 2.361592e+06
60 0.708668 -5.295827 -4.232825 598.252636 1.476014e+06
70 0.717530 -5.309131 -4.232837 668.886296 2.497927e+06
80 0.726155 -5.322068 -4.232835 787.233469 1.490849e+06
90 0.730632 -5.328778 -4.232830 857.813976 2.499809e+06
100 0.733009 -5.332341 -4.232827 976.101769 1.491597e+06

#Procs Particles | Time T_Force T_Neigh T_Comm T_Other | Steps/s Atomsteps/s Atomsteps/(proc*s)
1 17643776 | 976.101777 631.211895 231.510072 2.787305 110.592287 | 0.102448 1.807575e+06 1.807575e+06 PERFORMANCE
/var/lib/slurm/slurmd/job00185/slurm_script: line 100: kill: (620769) - No such process
/var/lib/slurm/slurmd/job00185/slurm_script: line 101: kill: (620768) - No such process
mv: cannot stat 'slurm-*': No such file or directory
ExaMiniMD_CC
Host Parallel Execution Space:
  KOKKOS_ENABLE_OPENMP: yes

OpenMP Runtime Configuration:
Kokkos::OpenMP thread_pool_topology[ 1 x 20 x 1 ]

#InputFile:
#=========================================================
# 3d Lennard-Jones melt 

units lj 
atom_style atomic 

newton off 
lattice fcc 0.8442 
region box block 0 164 0 164 0 164 
create_box 1 box 
create_atoms 1 box 
mass 1 2.0 

velocity all create 1.4 87287 loop geom 

pair_style lj/cut 2.5 
pair_coeff 1 1 1.0 1.0 2.5 

neighbor 0.3 bin 
neigh_modify delay 0 every 20 check no 
fix 1 all nve 
thermo 10 

run 100 
Mon Dec 15 16:13:19 2025
Starting cache with ndouble:26214 period:0.000000 duration:468.000000


Finished cache anomaly
#=========================================================

Using: ForceLJNeighFull Neighbor2D CommMPI BinningKKSort
Atoms: 17643776 17643776

#Timestep Temperature PotE ETot Time Atomsteps/s
0 1.400000 -6.332812 -4.232812 0.000000 0.000000e+00
10 1.267049 -6.133725 -4.233153 70.530586 2.501578e+06
20 0.772053 -5.390495 -4.232416 193.621792 1.433390e+06
30 0.620846 -5.164015 -4.232746 269.043993 2.339335e+06
40 0.717872 -5.309763 -4.232956 394.337022 1.408201e+06
50 0.714213 -5.304141 -4.232821 468.420359 2.381612e+06
60 0.708668 -5.295827 -4.232825 590.152478 1.449394e+06
70 0.717530 -5.309131 -4.232837 658.666409 2.575210e+06
80 0.726155 -5.322068 -4.232835 774.644470 1.521303e+06
90 0.730632 -5.328778 -4.232830 843.092398 2.577693e+06
100 0.733009 -5.332341 -4.232827 959.039693 1.521707e+06

#Procs Particles | Time T_Force T_Neigh T_Comm T_Other | Steps/s Atomsteps/s Atomsteps/(proc*s)
1 17643776 | 959.039702 614.922929 231.759447 2.824207 109.532935 | 0.104271 1.839734e+06 1.839734e+06 PERFORMANCE
/var/lib/slurm/slurmd/job00185/slurm_script: line 126: kill: (620934) - No such process
/var/lib/slurm/slurmd/job00185/slurm_script: line 127: kill: (620933) - No such process
mv: cannot stat 'slurm-*': No such file or directory
ExaMiniMD_CC
Host Parallel Execution Space:
  KOKKOS_ENABLE_OPENMP: yes

OpenMP Runtime Configuration:
Kokkos::OpenMP thread_pool_topology[ 1 x 20 x 1 ]

#InputFile:
#=========================================================
# 3d Lennard-Jones melt 

units lj 
atom_style atomic 

newton off 
lattice fcc 0.8442 
region box block 0 164 0 164 0 164 
create_box 1 box 
create_atoms 1 box 
mass 1 2.0 

velocity all create 1.4 87287 loop geom 

pair_style lj/cut 2.5 
pair_coeff 1 1 1.0 1.0 2.5 

neighbor 0.3 bin 
neigh_modify delay 0 every 20 check no 
fix 1 all nve 
thermo 10 

run 100 
Mon Dec 15 16:29:38 2025
Starting cache with ndouble:2097152 period:0.000000 duration:610.000000


Finished cache anomaly
#=========================================================

Using: ForceLJNeighFull Neighbor2D CommMPI BinningKKSort
Atoms: 17643776 17643776

#Timestep Temperature PotE ETot Time Atomsteps/s
0 1.400000 -6.332812 -4.232812 0.000000 0.000000e+00
10 1.267049 -6.133725 -4.233153 79.146990 2.229242e+06
20 0.772053 -5.390495 -4.232416 205.707957 1.394093e+06
30 0.620846 -5.164015 -4.232746 282.409398 2.300319e+06
40 0.717872 -5.309763 -4.232956 408.683445 1.397261e+06
50 0.714213 -5.304141 -4.232821 484.472209 2.328020e+06
60 0.708668 -5.295827 -4.232825 610.197746 1.403357e+06
70 0.717530 -5.309131 -4.232837 679.517774 2.545264e+06
80 0.726155 -5.322068 -4.232835 796.281687 1.511064e+06
90 0.730632 -5.328778 -4.232830 865.564339 2.546637e+06
100 0.733009 -5.332341 -4.232827 982.224043 1.512414e+06

#Procs Particles | Time T_Force T_Neigh T_Comm T_Other | Steps/s Atomsteps/s Atomsteps/(proc*s)
1 17643776 | 982.224052 635.095420 232.538256 2.842298 111.747858 | 0.101810 1.796309e+06 1.796309e+06 PERFORMANCE
/var/lib/slurm/slurmd/job00185/slurm_script: line 152: kill: (621091) - No such process
/var/lib/slurm/slurmd/job00185/slurm_script: line 153: kill: (621090) - No such process
mv: cannot stat 'slurm-*': No such file or directory
