ExaMiniMD
Host Parallel Execution Space:
  KOKKOS_ENABLE_OPENMP: yes

OpenMP Runtime Configuration:
Kokkos::OpenMP thread_pool_topology[ 1 x 20 x 1 ]

#InputFile:
#=========================================================
# 3d Lennard-Jones melt 

units lj 
atom_style atomic 

newton off 
lattice fcc 0.8442 
region box block 0 164 0 164 0 164 
create_box 1 box 
create_atoms 1 box 
mass 1 2.0 

velocity all create 1.4 87287 loop geom 

pair_style lj/cut 2.5 
pair_coeff 1 1 1.0 1.0 2.5 

neighbor 0.3 bin 
neigh_modify delay 0 every 20 check no 
fix 1 all nve 
thermo 10 

run 100 
#=========================================================

Using: ForceLJNeighFull Neighbor2D CommMPI BinningKKSort
Atoms: 17643776 17643776

#Timestep Temperature PotE ETot Time Atomsteps/s
0 1.400000 -6.332812 -4.232812 0.000000 0.000000e+00
10 1.267049 -6.133725 -4.233153 70.777891 2.492837e+06
20 0.772053 -5.390495 -4.232416 188.787707 1.495111e+06
30 0.620846 -5.164015 -4.232746 258.588275 2.527741e+06
40 0.717872 -5.309763 -4.232956 375.301878 1.511715e+06
50 0.714213 -5.304141 -4.232821 443.945957 2.570327e+06
60 0.708668 -5.295827 -4.232825 560.174118 1.518029e+06
70 0.717530 -5.309131 -4.232837 629.192569 2.556385e+06
80 0.726155 -5.322068 -4.232835 746.979145 1.497945e+06
90 0.730632 -5.328778 -4.232830 816.078545 2.553391e+06
100 0.733009 -5.332341 -4.232827 932.432909 1.516383e+06

#Procs Particles | Time T_Force T_Neigh T_Comm T_Other | Steps/s Atomsteps/s Atomsteps/(proc*s)
1 17643776 | 932.432917 596.655829 229.677248 2.461453 103.638176 | 0.107246 1.892230e+06 1.892230e+06 PERFORMANCE
srun: forcing job termination
srun: forcing job termination
srun: Job step aborted: Waiting up to 32 seconds for job step to finish.
srun: Job step aborted: Waiting up to 32 seconds for job step to finish.
slurmstepd-localhost: error: *** STEP 273.1 ON localhost CANCELLED AT 2026-04-21T12:41:28 ***
slurmstepd-localhost: error: *** STEP 273.0 ON localhost CANCELLED AT 2026-04-21T12:41:28 ***
ExaMiniMD_CO
srun: Step created for StepId=273.6
srun: error: localhost: task 0: Killed
srun: error: localhost: task 0: Killed
Host Parallel Execution Space:
  KOKKOS_ENABLE_OPENMP: yes

OpenMP Runtime Configuration:
Kokkos::OpenMP thread_pool_topology[ 1 x 20 x 1 ]

#InputFile:
#=========================================================
# 3d Lennard-Jones melt 

units lj 
atom_style atomic 

newton off 
lattice fcc 0.8442 
region box block 0 164 0 164 0 164 
create_box 1 box 
create_atoms 1 box 
mass 1 2.0 

velocity all create 1.4 87287 loop geom 

pair_style lj/cut 2.5 
pair_coeff 1 1 1.0 1.0 2.5 

neighbor 0.3 bin 
neigh_modify delay 0 every 20 check no 
fix 1 all nve 
thermo 10 

run 100 
Tue Apr 21 12:43:21 2026
Starting cpuoccupy with utilization:95%

srun: Job step aborted: Waiting up to 32 seconds for job step to finish.
srun: Job step aborted: Waiting up to 32 seconds for job step to finish.
srun: Job step aborted: Waiting up to 32 seconds for job step to finish.
srun: Job step aborted: Waiting up to 32 seconds for job step to finish.
srun: got SIGCONT
srun: got SIGCONT
srun: got SIGCONT
srun: got SIGCONT
slurmstepd-localhost: error: *** STEP 273.4 ON localhost CANCELLED AT 2026-04-21T12:51:49 ***
slurmstepd-localhost: error: *** STEP 273.6 ON localhost CANCELLED AT 2026-04-21T12:51:49 ***
slurmstepd-localhost: error: *** STEP 273.3 ON localhost CANCELLED AT 2026-04-21T12:51:49 ***
slurmstepd-localhost: error: *** JOB 273 ON localhost CANCELLED AT 2026-04-21T12:51:49 ***
srun: forcing job termination
srun: forcing job termination
srun: forcing job termination
srun: forcing job termination
slurmstepd-localhost: error: *** STEP 273.5 ON localhost CANCELLED AT 2026-04-21T12:51:49 ***
srun: error: localhost: task 0: Terminated
srun: error: localhost: task 0: Terminated
