ExaMiniMD
Host Parallel Execution Space:
  KOKKOS_ENABLE_OPENMP: yes

OpenMP Runtime Configuration:
Kokkos::OpenMP thread_pool_topology[ 1 x 20 x 1 ]

#InputFile:
#=========================================================
# 3d Lennard-Jones melt 

units lj 
atom_style atomic 

newton off 
lattice fcc 0.8442 
region box block 0 164 0 164 0 164 
create_box 1 box 
create_atoms 1 box 
mass 1 2.0 

velocity all create 1.4 87287 loop geom 

pair_style lj/cut 2.5 
pair_coeff 1 1 1.0 1.0 2.5 

neighbor 0.3 bin 
neigh_modify delay 0 every 20 check no 
fix 1 all nve 
thermo 10 

run 100 
#=========================================================

Using: ForceLJNeighFull Neighbor2D CommMPI BinningKKSort
Atoms: 17643776 17643776

#Timestep Temperature PotE ETot Time Atomsteps/s
0 1.400000 -6.332812 -4.232812 0.000000 0.000000e+00
10 1.267049 -6.133725 -4.233153 70.923753 2.487710e+06
20 0.772053 -5.390495 -4.232416 189.511720 1.487822e+06
30 0.620846 -5.164015 -4.232746 259.389147 2.524961e+06
40 0.717872 -5.309763 -4.232956 376.769187 1.503133e+06
50 0.714213 -5.304141 -4.232821 445.487010 2.567569e+06
60 0.708668 -5.295827 -4.232825 562.633101 1.506134e+06
70 0.717530 -5.309131 -4.232837 631.313536 2.568967e+06
80 0.726155 -5.322068 -4.232835 748.181212 1.509723e+06
90 0.730632 -5.328778 -4.232830 816.723832 2.574132e+06
100 0.733009 -5.332341 -4.232827 933.116979 1.515878e+06

#Procs Particles | Time T_Force T_Neigh T_Comm T_Other | Steps/s Atomsteps/s Atomsteps/(proc*s)
1 17643776 | 933.116986 596.409472 230.345582 2.504498 103.857236 | 0.107168 1.890843e+06 1.890843e+06 PERFORMANCE
srun: forcing job termination
srun: forcing job termination
srun: Job step aborted: Waiting up to 32 seconds for job step to finish.
srun: Job step aborted: Waiting up to 32 seconds for job step to finish.
slurmstepd-localhost: error: *** STEP 276.0 ON localhost CANCELLED AT 2026-04-24T15:27:11 ***
slurmstepd-localhost: error: *** STEP 276.1 ON localhost CANCELLED AT 2026-04-24T15:27:11 ***
ExaMiniMD_CO
srun: error: localhost: task 0: Killed
srun: error: localhost: task 0: Killed
srun: Job 276 step creation temporarily disabled, retrying (Requested nodes are busy)
srun: Step created for StepId=276.7
Host Parallel Execution Space:
  KOKKOS_ENABLE_OPENMP: yes

OpenMP Runtime Configuration:
Kokkos::OpenMP thread_pool_topology[ 1 x 20 x 1 ]

#InputFile:
#=========================================================
# 3d Lennard-Jones melt 

units lj 
atom_style atomic 

newton off 
lattice fcc 0.8442 
region box block 0 164 0 164 0 164 
create_box 1 box 
create_atoms 1 box 
mass 1 2.0 

velocity all create 1.4 87287 loop geom 

pair_style lj/cut 2.5 
pair_coeff 1 1 1.0 1.0 2.5 

neighbor 0.3 bin 
neigh_modify delay 0 every 20 check no 
fix 1 all nve 
thermo 10 

run 100 
Fri Apr 24 15:30:36 2026
Starting cpuoccupy with utilization:95%

Exiting cpuoccupy, duration=508s
#=========================================================

Using: ForceLJNeighFull Neighbor2D CommMPI BinningKKSort
Atoms: 17643776 17643776

#Timestep Temperature PotE ETot Time Atomsteps/s
0 1.400000 -6.332812 -4.232812 0.000000 0.000000e+00
10 1.267049 -6.133725 -4.233153 77.275395 2.283233e+06
20 0.772053 -5.390495 -4.232416 203.396114 1.398959e+06
30 0.620846 -5.164015 -4.232746 279.285260 2.324941e+06
40 0.717872 -5.309763 -4.232956 404.114316 1.413435e+06
50 0.714213 -5.304141 -4.232821 478.542434 2.370579e+06
60 0.708668 -5.295827 -4.232825 594.568032 1.520680e+06
70 0.717530 -5.309131 -4.232837 663.140455 2.573013e+06
80 0.726155 -5.322068 -4.232835 779.085578 1.521735e+06
90 0.730632 -5.328778 -4.232830 847.565617 2.576485e+06
100 0.733009 -5.332341 -4.232827 963.551313 1.521203e+06

#Procs Particles | Time T_Force T_Neigh T_Comm T_Other | Steps/s Atomsteps/s Atomsteps/(proc*s)
1 17643776 | 963.551321 621.102069 230.444935 2.759402 109.244738 | 0.103783 1.831119e+06 1.831119e+06 PERFORMANCE
srun: forcing job termination
srun: forcing job termination
srun: Job step aborted: Waiting up to 32 seconds for job step to finish.
srun: Job step aborted: Waiting up to 32 seconds for job step to finish.
slurmstepd-localhost: error: *** STEP 276.3 ON localhost CANCELLED AT 2026-04-24T15:47:15 ***
slurmstepd-localhost: error: *** STEP 276.6 ON localhost CANCELLED AT 2026-04-24T15:47:15 ***
ExaMiniMD_ML
srun: error: localhost: task 0: Killed
srun: error: localhost: task 0: Killed
Host Parallel Execution Space:
  KOKKOS_ENABLE_OPENMP: yes

OpenMP Runtime Configuration:
Kokkos::OpenMP thread_pool_topology[ 1 x 20 x 1 ]

#InputFile:
#=========================================================
# 3d Lennard-Jones melt 

units lj 
atom_style atomic 

newton off 
lattice fcc 0.8442 
region box block 0 164 0 164 0 164 
create_box 1 box 
create_atoms 1 box 
mass 1 2.0 

velocity all create 1.4 87287 loop geom 

pair_style lj/cut 2.5 
pair_coeff 1 1 1.0 1.0 2.5 

neighbor 0.3 bin 
neigh_modify delay 0 every 20 check no 
fix 1 all nve 
thermo 10 

run 100 
Fri Apr 24 15:50:48 2026
Starting leak with size:10485760 period:0.200000 duration:401.000000

Fri Apr 24 15:57:29 2026
Finished leak.
#=========================================================

Using: ForceLJNeighFull Neighbor2D CommMPI BinningKKSort
Atoms: 17643776 17643776

#Timestep Temperature PotE ETot Time Atomsteps/s
0 1.400000 -6.332812 -4.232812 0.000000 0.000000e+00
10 1.267049 -6.133725 -4.233153 71.420375 2.470412e+06
20 0.772053 -5.390495 -4.232416 190.595239 1.480495e+06
30 0.620846 -5.164015 -4.232746 261.051709 2.504209e+06
40 0.717872 -5.309763 -4.232956 379.239778 1.492856e+06
50 0.714213 -5.304141 -4.232821 448.849910 2.534656e+06
60 0.708668 -5.295827 -4.232825 566.439685 1.500452e+06
70 0.717530 -5.309131 -4.232837 635.847288 2.542052e+06
80 0.726155 -5.322068 -4.232835 752.987042 1.506216e+06
90 0.730632 -5.328778 -4.232830 822.342216 2.543974e+06
100 0.733009 -5.332341 -4.232827 939.475380 1.506301e+06

#Procs Particles | Time T_Force T_Neigh T_Comm T_Other | Steps/s Atomsteps/s Atomsteps/(proc*s)
1 17643776 | 939.475389 602.960495 230.100243 2.438068 103.976406 | 0.106442 1.878046e+06 1.878046e+06 PERFORMANCE
srun: forcing job termination
srun: forcing job termination
srun: Job step aborted: Waiting up to 32 seconds for job step to finish.
slurmstepd-localhost: error: *** STEP 276.8 ON localhost CANCELLED AT 2026-04-24T16:04:59 ***
srun: Job step aborted: Waiting up to 32 seconds for job step to finish.
slurmstepd-localhost: error: *** STEP 276.10 ON localhost CANCELLED AT 2026-04-24T16:04:59 ***
mv: cannot stat 'slurm-*': No such file or directory
ExaMiniMD_CC
srun: error: localhost: task 0: Killed
srun: error: localhost: task 0: Killed
Host Parallel Execution Space:
  KOKKOS_ENABLE_OPENMP: yes

OpenMP Runtime Configuration:
Kokkos::OpenMP thread_pool_topology[ 1 x 20 x 1 ]

#InputFile:
#=========================================================
# 3d Lennard-Jones melt 

units lj 
atom_style atomic 

newton off 
lattice fcc 0.8442 
region box block 0 164 0 164 0 164 
create_box 1 box 
create_atoms 1 box 
mass 1 2.0 

velocity all create 1.4 87287 loop geom 

pair_style lj/cut 2.5 
pair_coeff 1 1 1.0 1.0 2.5 

neighbor 0.3 bin 
neigh_modify delay 0 every 20 check no 
fix 1 all nve 
thermo 10 

run 100 
Fri Apr 24 16:07:55 2026
Starting cache with ndouble:3276 period:0.000000 duration:564.000000


Finished cache anomaly
#=========================================================

Using: ForceLJNeighFull Neighbor2D CommMPI BinningKKSort
Atoms: 17643776 17643776

#Timestep Temperature PotE ETot Time Atomsteps/s
0 1.400000 -6.332812 -4.232812 0.000000 0.000000e+00
10 1.267049 -6.133725 -4.233153 71.597816 2.464290e+06
20 0.772053 -5.390495 -4.232416 197.124224 1.405583e+06
30 0.620846 -5.164015 -4.232746 271.862237 2.360750e+06
40 0.717872 -5.309763 -4.232956 395.939337 1.422001e+06
50 0.714213 -5.304141 -4.232821 469.567128 2.396347e+06
60 0.708668 -5.295827 -4.232825 593.008762 1.429321e+06
70 0.717530 -5.309131 -4.232837 663.901793 2.488789e+06
80 0.726155 -5.322068 -4.232835 780.325676 1.515477e+06
90 0.730632 -5.328778 -4.232830 849.205786 2.561520e+06
100 0.733009 -5.332341 -4.232827 965.592132 1.515966e+06

#Procs Particles | Time T_Force T_Neigh T_Comm T_Other | Steps/s Atomsteps/s Atomsteps/(proc*s)
1 17643776 | 965.592139 619.976391 231.686507 2.867606 111.061451 | 0.103563 1.827249e+06 1.827249e+06 PERFORMANCE
srun: forcing job termination
srun: forcing job termination
srun: Job step aborted: Waiting up to 32 seconds for job step to finish.
srun: Job step aborted: Waiting up to 32 seconds for job step to finish.
slurmstepd-localhost: error: *** STEP 276.12 ON localhost CANCELLED AT 2026-04-24T16:23:08 ***
slurmstepd-localhost: error: *** STEP 276.15 ON localhost CANCELLED AT 2026-04-24T16:23:08 ***
mv: cannot stat 'slurm-*': No such file or directory
ExaMiniMD_CC
srun: error: localhost: task 0: Killed
srun: error: localhost: task 0: Killed
Host Parallel Execution Space:
  KOKKOS_ENABLE_OPENMP: yes

OpenMP Runtime Configuration:
Kokkos::OpenMP thread_pool_topology[ 1 x 20 x 1 ]

#InputFile:
#=========================================================
# 3d Lennard-Jones melt 

units lj 
atom_style atomic 

newton off 
lattice fcc 0.8442 
region box block 0 164 0 164 0 164 
create_box 1 box 
create_atoms 1 box 
mass 1 2.0 

velocity all create 1.4 87287 loop geom 

pair_style lj/cut 2.5 
pair_coeff 1 1 1.0 1.0 2.5 

neighbor 0.3 bin 
neigh_modify delay 0 every 20 check no 
fix 1 all nve 
thermo 10 

run 100 
Fri Apr 24 16:25:27 2026
Starting cache with ndouble:26214 period:0.000000 duration:536.000000


Finished cache anomaly
#=========================================================

Using: ForceLJNeighFull Neighbor2D CommMPI BinningKKSort
Atoms: 17643776 17643776

#Timestep Temperature PotE ETot Time Atomsteps/s
0 1.400000 -6.332812 -4.232812 0.000000 0.000000e+00
10 1.267049 -6.133725 -4.233153 75.204285 2.346113e+06
20 0.772053 -5.390495 -4.232416 200.979434 1.402803e+06
30 0.620846 -5.164015 -4.232746 276.989226 2.321250e+06
40 0.717872 -5.309763 -4.232956 401.827870 1.413326e+06
50 0.714213 -5.304141 -4.232821 476.231893 2.371347e+06
60 0.708668 -5.295827 -4.232825 598.290926 1.445512e+06
70 0.717530 -5.309131 -4.232837 667.518855 2.548650e+06
80 0.726155 -5.322068 -4.232835 784.632044 1.506558e+06
90 0.730632 -5.328778 -4.232830 853.788933 2.551268e+06
100 0.733009 -5.332341 -4.232827 970.848617 1.507246e+06

#Procs Particles | Time T_Force T_Neigh T_Comm T_Other | Steps/s Atomsteps/s Atomsteps/(proc*s)
1 17643776 | 970.848626 623.613734 233.239147 2.934007 111.061560 | 0.103003 1.817356e+06 1.817356e+06 PERFORMANCE
srun: forcing job termination
srun: forcing job termination
srun: Job step aborted: Waiting up to 32 seconds for job step to finish.
slurmstepd-localhost: error: *** STEP 276.17 ON localhost CANCELLED AT 2026-04-24T16:41:22 ***
srun: Job step aborted: Waiting up to 32 seconds for job step to finish.
slurmstepd-localhost: error: *** STEP 276.16 ON localhost CANCELLED AT 2026-04-24T16:41:22 ***
mv: cannot stat 'slurm-*': No such file or directory
ExaMiniMD_CC
srun: error: localhost: task 0: Killed
srun: error: localhost: task 0: Killed
Host Parallel Execution Space:
  KOKKOS_ENABLE_OPENMP: yes

OpenMP Runtime Configuration:
Kokkos::OpenMP thread_pool_topology[ 1 x 20 x 1 ]

#InputFile:
#=========================================================
# 3d Lennard-Jones melt 

units lj 
atom_style atomic 

newton off 
lattice fcc 0.8442 
region box block 0 164 0 164 0 164 
create_box 1 box 
create_atoms 1 box 
mass 1 2.0 

velocity all create 1.4 87287 loop geom 

pair_style lj/cut 2.5 
pair_coeff 1 1 1.0 1.0 2.5 

neighbor 0.3 bin 
neigh_modify delay 0 every 20 check no 
fix 1 all nve 
thermo 10 

run 100 
Fri Apr 24 16:44:59 2026
Starting cache with ndouble:2097152 period:0.000000 duration:480.000000


Finished cache anomaly
#=========================================================

Using: ForceLJNeighFull Neighbor2D CommMPI BinningKKSort
Atoms: 17643776 17643776

#Timestep Temperature PotE ETot Time Atomsteps/s
0 1.400000 -6.332812 -4.232812 0.000000 0.000000e+00
10 1.267049 -6.133725 -4.233153 70.810426 2.491692e+06
20 0.772053 -5.390495 -4.232416 196.424041 1.404607e+06
30 0.620846 -5.164015 -4.232746 273.165040 2.299133e+06
40 0.717872 -5.309763 -4.232956 398.847651 1.403836e+06
50 0.714213 -5.304141 -4.232821 474.906409 2.319756e+06
60 0.708668 -5.295827 -4.232825 599.677739 1.414089e+06
70 0.717530 -5.309131 -4.232837 668.460757 2.565135e+06
80 0.726155 -5.322068 -4.232835 784.700858 1.517873e+06
90 0.730632 -5.328778 -4.232830 853.375062 2.569200e+06
100 0.733009 -5.332341 -4.232827 969.580361 1.518328e+06

#Procs Particles | Time T_Force T_Neigh T_Comm T_Other | Steps/s Atomsteps/s Atomsteps/(proc*s)
1 17643776 | 969.580369 624.446724 232.863159 2.799461 109.470831 | 0.103137 1.819733e+06 1.819733e+06 PERFORMANCE
srun: forcing job termination
srun: forcing job termination
srun: Job step aborted: Waiting up to 32 seconds for job step to finish.
srun: Job step aborted: Waiting up to 32 seconds for job step to finish.
slurmstepd-localhost: error: *** STEP 276.21 ON localhost CANCELLED AT 2026-04-24T16:59:36 ***
slurmstepd-localhost: error: *** STEP 276.23 ON localhost CANCELLED AT 2026-04-24T16:59:36 ***
mv: cannot stat 'slurm-*': No such file or directory
ldmsd: no process found
srun: error: localhost: task 0: Killed
srun: error: localhost: task 0: Killed
