SW4lite

* Processing the grid command...
* Setting nx to 401 to be consistent with h=0.02
* Setting ny to 401 to be consistent with h=0.02
* Setting nz to 201 to be consistent with h=0.02
defineDimensionsGXY: #ghost points=2, #parallel padding points=2
Extent of the computational domain xmax=8 ymax=8 zmin = 0 zmax=4
***inside setupMPICommunications***

Global grid sizes (without ghost points)
Grid         h        Nx        Ny        Nz       Points
   0      0.02       401       401       201     32321001
Total number of grid points (without ghost points): 3.2321e+07

Done reading input file 
 no GPUs found
Setting up SBP boundary stencils
----------------------------------------------------
 Making Output Directory: pointsource-h0p04/
		
... Done!
----------------------------------------------------
Detected at least one boundary with supergrid conditions
*** computing the time step ***
 CFL= 1.3 prel. time step=0.0132681
number of grid point  sources = 216
number of unique g.p. sources = 216
setup of sources done
Running on 1 MPI tasks
Using OpenMP with 20 threads per MPI task
starting at time 0 at cycle 1
Time step 1 t= 0.0133333
Time step 45 t= 0.6
   Execution time, solver phase 7 minutes 1.31179 seconds 

----------------------------------------
          Execution time summary 
  Total      BC comm    BC phys    Scheme     Supergrid  Forcing 
411.76     0.000189   3.7835     314.13     88.382     5.4603     Clock tick is 1e-09 seconds
----------------------------------------

Errors at time 0.6 Linf = 2.56719 L2 = 0.0388654 norm of solution = 12.2129
 Total running time: 620.024
/var/lib/slurm/slurmd/job00197/slurm_script: line 17: kill: (622856) - No such process
/var/lib/slurm/slurmd/job00197/slurm_script: line 18: kill: (622855) - No such process
