ExaMiniMD
srun: error: localhost: task 0: Exited with exit code 22
Host Parallel Execution Space:
  KOKKOS_ENABLE_OPENMP: yes

OpenMP Runtime Configuration:
Kokkos::OpenMP thread_pool_topology[ 1 x 20 x 1 ]

#InputFile:
#=========================================================
# 3d Lennard-Jones melt 

units lj 
atom_style atomic 

newton off 
lattice fcc 0.8442 
region box block 0 164 0 164 0 164 
create_box 1 box 
create_atoms 1 box 
mass 1 2.0 

velocity all create 1.4 87287 loop geom 

pair_style lj/cut 2.5 
pair_coeff 1 1 1.0 1.0 2.5 

neighbor 0.3 bin 
neigh_modify delay 0 every 20 check no 
fix 1 all nve 
thermo 10 

run 100 
srun: Job step aborted: Waiting up to 32 seconds for job step to finish.
srun: Job step aborted: Waiting up to 32 seconds for job step to finish.
srun: got SIGCONT
srun: got SIGCONT
slurmstepd-localhost: error: *** STEP 248.1 ON localhost CANCELLED AT 2026-03-16T12:11:54 ***
slurmstepd-localhost: error: *** JOB 248 ON localhost CANCELLED AT 2026-03-16T12:11:54 ***
srun: forcing job termination
slurmstepd-localhost: error: *** STEP 248.2 ON localhost CANCELLED AT 2026-03-16T12:11:54 ***
srun: forcing job termination
srun: error: localhost: task 0: Terminated
