ExaMiniMD
Host Parallel Execution Space:
  KOKKOS_ENABLE_OPENMP: yes

OpenMP Runtime Configuration:
Kokkos::OpenMP thread_pool_topology[ 1 x 20 x 1 ]

#InputFile:
#=========================================================
# 3d Lennard-Jones melt 

units lj 
atom_style atomic 

newton off 
lattice fcc 0.8442 
region box block 0 164 0 164 0 164 
create_box 1 box 
create_atoms 1 box 
mass 1 2.0 

velocity all create 1.4 87287 loop geom 

pair_style lj/cut 2.5 
pair_coeff 1 1 1.0 1.0 2.5 

neighbor 0.3 bin 
neigh_modify delay 0 every 20 check no 
fix 1 all nve 
thermo 10 

run 100 
#=========================================================

Using: ForceLJNeighFull Neighbor2D CommMPI BinningKKSort
Atoms: 17643776 17643776

#Timestep Temperature PotE ETot Time Atomsteps/s
0 1.400000 -6.332812 -4.232812 0.000000 0.000000e+00
10 1.267049 -6.133725 -4.233153 71.760428 2.458706e+06
20 0.772053 -5.390495 -4.232416 190.943177 1.480397e+06
30 0.620846 -5.164015 -4.232746 261.466566 2.501833e+06
40 0.717872 -5.309763 -4.232956 379.359285 1.496596e+06
50 0.714213 -5.304141 -4.232821 448.920872 2.536425e+06
60 0.708668 -5.295827 -4.232825 566.042628 1.506447e+06
70 0.717530 -5.309131 -4.232837 635.549192 2.538433e+06
80 0.726155 -5.322068 -4.232835 752.621363 1.507085e+06
90 0.730632 -5.328778 -4.232830 822.064199 2.540763e+06
100 0.733009 -5.332341 -4.232827 939.093524 1.507637e+06

#Procs Particles | Time T_Force T_Neigh T_Comm T_Other | Steps/s Atomsteps/s Atomsteps/(proc*s)
1 17643776 | 939.093531 603.250681 228.959416 2.426086 104.457166 | 0.106486 1.878809e+06 1.878809e+06 PERFORMANCE
srun: forcing job termination
srun: forcing job termination
srun: Job step aborted: Waiting up to 32 seconds for job step to finish.
srun: Job step aborted: Waiting up to 32 seconds for job step to finish.
slurmstepd-localhost: error: *** STEP 255.1 ON localhost CANCELLED AT 2026-03-16T15:10:29 ***
ExaMiniMD_CO
slurmstepd-localhost: error: *** STEP 255.0 ON localhost CANCELLED AT 2026-03-16T15:10:29 ***
srun: error: localhost: task 0: Killed
srun: error: localhost: task 0: Killed
Host Parallel Execution Space:
  KOKKOS_ENABLE_OPENMP: yes

OpenMP Runtime Configuration:
Kokkos::OpenMP thread_pool_topology[ 1 x 20 x 1 ]

#InputFile:
#=========================================================
# 3d Lennard-Jones melt 

units lj 
atom_style atomic 

newton off 
lattice fcc 0.8442 
region box block 0 164 0 164 0 164 
create_box 1 box 
create_atoms 1 box 
mass 1 2.0 

velocity all create 1.4 87287 loop geom 

pair_style lj/cut 2.5 
pair_coeff 1 1 1.0 1.0 2.5 

neighbor 0.3 bin 
neigh_modify delay 0 every 20 check no 
fix 1 all nve 
thermo 10 

run 100 
Mon Mar 16 15:13:58 2026
Starting cpuoccupy with utilization:95%

Exiting cpuoccupy, duration=553s
#=========================================================

Using: ForceLJNeighFull Neighbor2D CommMPI BinningKKSort
Atoms: 17643776 17643776

#Timestep Temperature PotE ETot Time Atomsteps/s
0 1.400000 -6.332812 -4.232812 0.000000 0.000000e+00
10 1.267049 -6.133725 -4.233153 71.252357 2.476238e+06
20 0.772053 -5.390495 -4.232416 196.887620 1.404365e+06
30 0.620846 -5.164015 -4.232746 272.943488 2.319844e+06
40 0.717872 -5.309763 -4.232956 397.660367 1.414706e+06
50 0.714213 -5.304141 -4.232821 473.013635 2.341475e+06
60 0.708668 -5.295827 -4.232825 596.169987 1.432632e+06
70 0.717530 -5.309131 -4.232837 669.349869 2.411015e+06
80 0.726155 -5.322068 -4.232835 786.099306 1.511251e+06
90 0.730632 -5.328778 -4.232830 855.263544 2.550997e+06
100 0.733009 -5.332341 -4.232827 971.903681 1.512668e+06

#Procs Particles | Time T_Force T_Neigh T_Comm T_Other | Steps/s Atomsteps/s Atomsteps/(proc*s)
1 17643776 | 971.903689 627.694887 231.741965 2.765873 109.700778 | 0.102891 1.815383e+06 1.815383e+06 PERFORMANCE
srun: forcing job termination
srun: forcing job termination
srun: Job step aborted: Waiting up to 32 seconds for job step to finish.
srun: Job step aborted: Waiting up to 32 seconds for job step to finish.
slurmstepd-localhost: error: *** STEP 255.4 ON localhost CANCELLED AT 2026-03-16T15:28:44 ***
slurmstepd-localhost: error: *** STEP 255.6 ON localhost CANCELLED AT 2026-03-16T15:28:44 ***
ExaMiniMD_ML
srun: error: localhost: task 0: Killed
srun: error: localhost: task 0: Killed
Host Parallel Execution Space:
  KOKKOS_ENABLE_OPENMP: yes

OpenMP Runtime Configuration:
Kokkos::OpenMP thread_pool_topology[ 1 x 20 x 1 ]

#InputFile:
#=========================================================
# 3d Lennard-Jones melt 

units lj 
atom_style atomic 

newton off 
lattice fcc 0.8442 
region box block 0 164 0 164 0 164 
create_box 1 box 
create_atoms 1 box 
mass 1 2.0 

velocity all create 1.4 87287 loop geom 

pair_style lj/cut 2.5 
pair_coeff 1 1 1.0 1.0 2.5 

neighbor 0.3 bin 
neigh_modify delay 0 every 20 check no 
fix 1 all nve 
thermo 10 

run 100 
Mon Mar 16 15:31:13 2026
Starting leak with size:10485760 period:0.200000 duration:485.000000

Mon Mar 16 15:39:18 2026
Finished leak.
#=========================================================

Using: ForceLJNeighFull Neighbor2D CommMPI BinningKKSort
Atoms: 17643776 17643776

#Timestep Temperature PotE ETot Time Atomsteps/s
0 1.400000 -6.332812 -4.232812 0.000000 0.000000e+00
10 1.267049 -6.133725 -4.233153 70.885186 2.489064e+06
20 0.772053 -5.390495 -4.232416 189.230878 1.490868e+06
30 0.620846 -5.164015 -4.232746 259.146153 2.523594e+06
40 0.717872 -5.309763 -4.232956 376.423296 1.504451e+06
50 0.714213 -5.304141 -4.232821 445.545175 2.552560e+06
60 0.708668 -5.295827 -4.232825 562.244616 1.511899e+06
70 0.717530 -5.309131 -4.232837 631.038022 2.564748e+06
80 0.726155 -5.322068 -4.232835 747.394533 1.516355e+06
90 0.730632 -5.328778 -4.232830 816.099836 2.568037e+06
100 0.733009 -5.332341 -4.232827 932.441116 1.516553e+06

#Procs Particles | Time T_Force T_Neigh T_Comm T_Other | Steps/s Atomsteps/s Atomsteps/(proc*s)
1 17643776 | 932.441124 597.142453 229.197033 2.434313 103.667097 | 0.107245 1.892213e+06 1.892213e+06 PERFORMANCE
srun: forcing job termination
srun: forcing job termination
srun: Job step aborted: Waiting up to 32 seconds for job step to finish.
srun: Job step aborted: Waiting up to 32 seconds for job step to finish.
slurmstepd-localhost: error: *** STEP 255.7 ON localhost CANCELLED AT 2026-03-16T15:46:20 ***
slurmstepd-localhost: error: *** STEP 255.10 ON localhost CANCELLED AT 2026-03-16T15:46:20 ***
mv: cannot stat 'slurm-*': No such file or directory
ExaMiniMD_CC
srun: error: localhost: task 0: Killed
srun: error: localhost: task 0: Killed
Host Parallel Execution Space:
  KOKKOS_ENABLE_OPENMP: yes

OpenMP Runtime Configuration:
Kokkos::OpenMP thread_pool_topology[ 1 x 20 x 1 ]

#InputFile:
#=========================================================
# 3d Lennard-Jones melt 

units lj 
atom_style atomic 

newton off 
lattice fcc 0.8442 
region box block 0 164 0 164 0 164 
create_box 1 box 
create_atoms 1 box 
mass 1 2.0 

velocity all create 1.4 87287 loop geom 

pair_style lj/cut 2.5 
pair_coeff 1 1 1.0 1.0 2.5 

neighbor 0.3 bin 
neigh_modify delay 0 every 20 check no 
fix 1 all nve 
thermo 10 

run 100 
Mon Mar 16 15:50:00 2026
Starting cache with ndouble:3276 period:0.000000 duration:415.000000


Finished cache anomaly
#=========================================================

Using: ForceLJNeighFull Neighbor2D CommMPI BinningKKSort
Atoms: 17643776 17643776

#Timestep Temperature PotE ETot Time Atomsteps/s
0 1.400000 -6.332812 -4.232812 0.000000 0.000000e+00
10 1.267049 -6.133725 -4.233153 71.361705 2.472443e+06
20 0.772053 -5.390495 -4.232416 194.241953 1.435851e+06
30 0.620846 -5.164015 -4.232746 270.124179 2.325153e+06
40 0.717872 -5.309763 -4.232956 394.512540 1.418443e+06
50 0.714213 -5.304141 -4.232821 469.486904 2.353308e+06
60 0.708668 -5.295827 -4.232825 590.120378 1.462594e+06
70 0.717530 -5.309131 -4.232837 659.438620 2.545329e+06
80 0.726155 -5.322068 -4.232835 776.281113 1.510048e+06
90 0.730632 -5.328778 -4.232830 845.563149 2.546660e+06
100 0.733009 -5.332341 -4.232827 962.361696 1.510616e+06

#Procs Particles | Time T_Force T_Neigh T_Comm T_Other | Steps/s Atomsteps/s Atomsteps/(proc*s)
1 17643776 | 962.361704 619.349042 230.947964 2.723186 109.341323 | 0.103911 1.833383e+06 1.833383e+06 PERFORMANCE
srun: forcing job termination
srun: forcing job termination
srun: Job step aborted: Waiting up to 32 seconds for job step to finish.
slurmstepd-localhost: error: *** STEP 255.12 ON localhost CANCELLED AT 2026-03-16T16:04:26 ***
srun: Job step aborted: Waiting up to 32 seconds for job step to finish.
slurmstepd-localhost: error: *** STEP 255.11 ON localhost CANCELLED AT 2026-03-16T16:04:26 ***
mv: cannot stat 'slurm-*': No such file or directory
ExaMiniMD_CC
srun: error: localhost: task 0: Killed
srun: error: localhost: task 0: Killed
Host Parallel Execution Space:
  KOKKOS_ENABLE_OPENMP: yes

OpenMP Runtime Configuration:
Kokkos::OpenMP thread_pool_topology[ 1 x 20 x 1 ]

#InputFile:
#=========================================================
# 3d Lennard-Jones melt 

units lj 
atom_style atomic 

newton off 
lattice fcc 0.8442 
region box block 0 164 0 164 0 164 
create_box 1 box 
create_atoms 1 box 
mass 1 2.0 

velocity all create 1.4 87287 loop geom 

pair_style lj/cut 2.5 
pair_coeff 1 1 1.0 1.0 2.5 

neighbor 0.3 bin 
neigh_modify delay 0 every 20 check no 
fix 1 all nve 
thermo 10 

run 100 
Mon Mar 16 16:07:11 2026
Starting cache with ndouble:26214 period:0.000000 duration:581.000000


Finished cache anomaly
#=========================================================

Using: ForceLJNeighFull Neighbor2D CommMPI BinningKKSort
Atoms: 17643776 17643776

#Timestep Temperature PotE ETot Time Atomsteps/s
0 1.400000 -6.332812 -4.232812 0.000000 0.000000e+00
10 1.267049 -6.133725 -4.233153 73.618219 2.396659e+06
20 0.772053 -5.390495 -4.232416 199.134225 1.405699e+06
30 0.620846 -5.164015 -4.232746 274.847869 2.330330e+06
40 0.717872 -5.309763 -4.232956 399.291869 1.417808e+06
50 0.714213 -5.304141 -4.232821 474.029714 2.360755e+06
60 0.708668 -5.295827 -4.232825 598.125672 1.421785e+06
70 0.717530 -5.309131 -4.232837 670.371013 2.442203e+06
80 0.726155 -5.322068 -4.232835 788.248148 1.496794e+06
90 0.730632 -5.328778 -4.232830 858.336569 2.517360e+06
100 0.733009 -5.332341 -4.232827 976.157630 1.497506e+06

#Procs Particles | Time T_Force T_Neigh T_Comm T_Other | Steps/s Atomsteps/s Atomsteps/(proc*s)
1 17643776 | 976.157637 628.426999 233.061730 2.881381 111.787342 | 0.102442 1.807472e+06 1.807472e+06 PERFORMANCE
srun: forcing job termination
srun: forcing job termination
srun: Job step aborted: Waiting up to 32 seconds for job step to finish.
srun: Job step aborted: Waiting up to 32 seconds for job step to finish.
mv: cannot stat 'slurm-*': No such file or directory
slurmstepd-localhost: error: *** STEP 255.15 ON localhost CANCELLED AT 2026-03-16T16:22:47 ***
slurmstepd-localhost: error: *** STEP 255.18 ON localhost CANCELLED AT 2026-03-16T16:22:47 ***
ExaMiniMD_CC
srun: error: localhost: task 0: Killed
srun: error: localhost: task 0: Killed
Host Parallel Execution Space:
  KOKKOS_ENABLE_OPENMP: yes

OpenMP Runtime Configuration:
Kokkos::OpenMP thread_pool_topology[ 1 x 20 x 1 ]

#InputFile:
#=========================================================
# 3d Lennard-Jones melt 

units lj 
atom_style atomic 

newton off 
lattice fcc 0.8442 
region box block 0 164 0 164 0 164 
create_box 1 box 
create_atoms 1 box 
mass 1 2.0 

velocity all create 1.4 87287 loop geom 

pair_style lj/cut 2.5 
pair_coeff 1 1 1.0 1.0 2.5 

neighbor 0.3 bin 
neigh_modify delay 0 every 20 check no 
fix 1 all nve 
thermo 10 

run 100 
Mon Mar 16 16:27:02 2026
Starting cache with ndouble:2097152 period:0.000000 duration:430.000000


Finished cache anomaly
#=========================================================

Using: ForceLJNeighFull Neighbor2D CommMPI BinningKKSort
Atoms: 17643776 17643776

#Timestep Temperature PotE ETot Time Atomsteps/s
0 1.400000 -6.332812 -4.232812 0.000000 0.000000e+00
10 1.267049 -6.133725 -4.233153 71.473514 2.468575e+06
20 0.772053 -5.390495 -4.232416 193.922235 1.440911e+06
30 0.620846 -5.164015 -4.232746 270.656713 2.299328e+06
40 0.717872 -5.309763 -4.232956 397.342048 1.392724e+06
50 0.714213 -5.304141 -4.232821 472.031692 2.362279e+06
60 0.708668 -5.295827 -4.232825 596.361620 1.419109e+06
70 0.717530 -5.309131 -4.232837 665.773727 2.541887e+06
80 0.726155 -5.322068 -4.232835 783.278121 1.501542e+06
90 0.730632 -5.328778 -4.232830 852.616216 2.544601e+06
100 0.733009 -5.332341 -4.232827 970.073086 1.502149e+06

#Procs Particles | Time T_Force T_Neigh T_Comm T_Other | Steps/s Atomsteps/s Atomsteps/(proc*s)
1 17643776 | 970.073094 622.022752 235.333186 2.715113 110.001845 | 0.103085 1.818809e+06 1.818809e+06 PERFORMANCE
srun: forcing job termination
srun: forcing job termination
srun: Job step aborted: Waiting up to 32 seconds for job step to finish.
srun: Job step aborted: Waiting up to 32 seconds for job step to finish.
slurmstepd-localhost: error: *** STEP 255.21 ON localhost CANCELLED AT 2026-03-16T16:41:00 ***
slurmstepd-localhost: error: *** STEP 255.22 ON localhost CANCELLED AT 2026-03-16T16:41:00 ***
mv: cannot stat 'slurm-*': No such file or directory
ldmsd: no process found
srun: error: localhost: task 0: Killed
srun: error: localhost: task 0: Killed
