ExaMiniMD
Host Parallel Execution Space:
  KOKKOS_ENABLE_OPENMP: yes

OpenMP Runtime Configuration:
Kokkos::OpenMP thread_pool_topology[ 1 x 20 x 1 ]

#InputFile:
#=========================================================
# 3d Lennard-Jones melt 

units lj 
atom_style atomic 

newton off 
lattice fcc 0.8442 
region box block 0 164 0 164 0 164 
create_box 1 box 
create_atoms 1 box 
mass 1 2.0 

velocity all create 1.4 87287 loop geom 

pair_style lj/cut 2.5 
pair_coeff 1 1 1.0 1.0 2.5 

neighbor 0.3 bin 
neigh_modify delay 0 every 20 check no 
fix 1 all nve 
thermo 10 

run 100 
#=========================================================

Using: ForceLJNeighFull Neighbor2D CommMPI BinningKKSort
Atoms: 17643776 17643776

#Timestep Temperature PotE ETot Time Atomsteps/s
0 1.400000 -6.332812 -4.232812 0.000000 0.000000e+00
10 1.267049 -6.133725 -4.233153 70.408742 2.505907e+06
20 0.772053 -5.390495 -4.232416 188.068349 1.499561e+06
30 0.620846 -5.164015 -4.232746 257.495763 2.541327e+06
40 0.717872 -5.309763 -4.232956 377.255533 1.473264e+06
50 0.714213 -5.304141 -4.232821 445.910765 2.569910e+06
60 0.708668 -5.295827 -4.232825 562.035253 1.519385e+06
70 0.717530 -5.309131 -4.232837 630.714014 2.569029e+06
80 0.726155 -5.322068 -4.232835 747.026119 1.516934e+06
90 0.730632 -5.328778 -4.232830 816.309162 2.546623e+06
100 0.733009 -5.332341 -4.232827 933.034915 1.511558e+06

#Procs Particles | Time T_Force T_Neigh T_Comm T_Other | Steps/s Atomsteps/s Atomsteps/(proc*s)
1 17643776 | 933.034922 598.247936 228.505111 2.485633 103.796055 | 0.107177 1.891009e+06 1.891009e+06 PERFORMANCE
/var/lib/slurm/slurmd/job00181/slurm_script: line 20: kill: (541871) - No such process
/var/lib/slurm/slurmd/job00181/slurm_script: line 21: kill: (541870) - No such process
ExaMiniMD_CO
Host Parallel Execution Space:
  KOKKOS_ENABLE_OPENMP: yes

OpenMP Runtime Configuration:
Kokkos::OpenMP thread_pool_topology[ 1 x 20 x 1 ]

#InputFile:
#=========================================================
# 3d Lennard-Jones melt 

units lj 
atom_style atomic 

newton off 
lattice fcc 0.8442 
region box block 0 164 0 164 0 164 
create_box 1 box 
create_atoms 1 box 
mass 1 2.0 

velocity all create 1.4 87287 loop geom 

pair_style lj/cut 2.5 
pair_coeff 1 1 1.0 1.0 2.5 

neighbor 0.3 bin 
neigh_modify delay 0 every 20 check no 
fix 1 all nve 
thermo 10 

run 100 
Mon Dec  8 14:27:46 2025
Starting cpuoccupy with utilization:95%

Exiting cpuoccupy, duration=529s
#=========================================================

Using: ForceLJNeighFull Neighbor2D CommMPI BinningKKSort
Atoms: 17643776 17643776

#Timestep Temperature PotE ETot Time Atomsteps/s
0 1.400000 -6.332812 -4.232812 0.000000 0.000000e+00
10 1.267049 -6.133725 -4.233153 75.373348 2.340851e+06
20 0.772053 -5.390495 -4.232416 201.687485 1.396817e+06
30 0.620846 -5.164015 -4.232746 278.588178 2.294359e+06
40 0.717872 -5.309763 -4.232956 403.772351 1.409425e+06
50 0.714213 -5.304141 -4.232821 479.324207 2.335320e+06
60 0.708668 -5.295827 -4.232825 603.540692 1.420405e+06
70 0.717530 -5.309131 -4.232837 673.578340 2.519185e+06
80 0.726155 -5.322068 -4.232835 792.596558 1.482443e+06
90 0.730632 -5.328778 -4.232830 863.035089 2.504847e+06
100 0.733009 -5.332341 -4.232827 980.940893 1.496430e+06

#Procs Particles | Time T_Force T_Neigh T_Comm T_Other | Steps/s Atomsteps/s Atomsteps/(proc*s)
1 17643776 | 980.940900 634.104172 233.226241 2.847372 110.762939 | 0.101943 1.798658e+06 1.798658e+06 PERFORMANCE
/var/lib/slurm/slurmd/job00181/slurm_script: line 48: kill: (542679) - No such process
/var/lib/slurm/slurmd/job00181/slurm_script: line 49: kill: (542678) - No such process
