ExaMiniMD
247081
247082
Host Parallel Execution Space:
  KOKKOS_ENABLE_OPENMP: yes

OpenMP Runtime Configuration:
Kokkos::OpenMP thread_pool_topology[ 1 x 20 x 1 ]

#InputFile:
#=========================================================
# 3d Lennard-Jones melt 

units lj 
atom_style atomic 

newton off 
lattice fcc 0.8442 
region box block 0 164 0 164 0 164 
create_box 1 box 
create_atoms 1 box 
mass 1 2.0 

velocity all create 1.4 87287 loop geom 

pair_style lj/cut 2.5 
pair_coeff 1 1 1.0 1.0 2.5 

neighbor 0.3 bin 
neigh_modify delay 0 every 20 check no 
fix 1 all nve 
thermo 10 

run 100 
#=========================================================

Using: ForceLJNeighFull Neighbor2D CommMPI BinningKKSort
Atoms: 17643776 17643776

#Timestep Temperature PotE ETot Time Atomsteps/s
0 1.400000 -6.332812 -4.232812 0.000000 0.000000e+00
10 1.267049 -6.133725 -4.233153 71.201643 2.478001e+06
20 0.772053 -5.390495 -4.232416 189.714622 1.488763e+06
30 0.620846 -5.164015 -4.232746 259.872189 2.514879e+06
40 0.717872 -5.309763 -4.232956 377.252143 1.503134e+06
50 0.714213 -5.304141 -4.232821 446.433489 2.550366e+06
60 0.708668 -5.295827 -4.232825 563.107742 1.512225e+06
70 0.717530 -5.309131 -4.232837 632.265236 2.551246e+06
80 0.726155 -5.322068 -4.232835 748.949284 1.512098e+06
90 0.730632 -5.328778 -4.232830 818.043375 2.553587e+06
100 0.733009 -5.332341 -4.232827 935.681772 1.499831e+06

#Procs Particles | Time T_Force T_Neigh T_Comm T_Other | Steps/s Atomsteps/s Atomsteps/(proc*s)
1 17643776 | 935.681780 600.163740 229.427156 2.422057 103.668654 | 0.106874 1.885660e+06 1.885660e+06 PERFORMANCE
/var/lib/slurm/slurmd/job00172/slurm_script: line 22: kill: (247082) - No such process
/var/lib/slurm/slurmd/job00172/slurm_script: line 23: kill: (247081) - No such process
